\BOOKMARK [1][-]{section.1}{\376\377\000P\000u\000r\000p\000o\000s\000e\000,\000\040\000s\000c\000o\000p\000e\000,\000\040\000a\000n\000d\000\040\000o\000r\000g\000a\000n\000i\000s\000i\000n\000g\000\040\000q\000u\000e\000s\000t\000i\000o\000n}{}% 1
\BOOKMARK [2][-]{subsection.1.1}{\376\377\000R\000e\000s\000e\000a\000r\000c\000h\000\040\000q\000u\000e\000s\000t\000i\000o\000n}{section.1}% 2
\BOOKMARK [2][-]{subsection.1.2}{\376\377\000S\000c\000o\000p\000e}{section.1}% 3
\BOOKMARK [2][-]{subsection.1.3}{\376\377\000O\000b\000j\000e\000c\000t\000\040\000o\000f\000\040\000s\000t\000u\000d\000y}{section.1}% 4
\BOOKMARK [1][-]{section.2}{\376\377\000C\000o\000n\000c\000e\000p\000t\000u\000a\000l\000\040\000f\000r\000a\000m\000e\000w\000o\000r\000k\000\040\000a\000n\000d\000\040\000n\000o\000t\000a\000t\000i\000o\000n}{}% 5
\BOOKMARK [2][-]{subsection.2.1}{\376\377\000S\000e\000v\000e\000n\000\040\000o\000b\000j\000e\000c\000t\000s\000\040\000k\000e\000p\000t\000\040\000s\000e\000p\000a\000r\000a\000t\000e}{section.2}% 6
\BOOKMARK [2][-]{subsection.2.2}{\376\377\000A\000B\000A\000\040\000f\000r\000a\000m\000e\000w\000o\000r\000k}{section.2}% 7
\BOOKMARK [2][-]{subsection.2.3}{\376\377\000A\000B\000A\000\040\000L\000e\000a\000r\000n\000i\000n\000g\000\040\000t\000a\000s\000k}{section.2}% 8
\BOOKMARK [2][-]{subsection.2.4}{\376\377\000E\000x\000a\000c\000t\000-\000v\000a\000l\000u\000e\000\040\000t\000a\000r\000g\000e\000t\000-\000w\000i\000s\000e\000\040\000e\000n\000c\000o\000d\000i\000n\000g}{section.2}% 9
\BOOKMARK [2][-]{subsection.2.5}{\376\377\000B\000r\000a\000v\000e\000\040\000a\000n\000d\000\040\000c\000a\000u\000t\000i\000o\000u\000s\000\040\000l\000e\000a\000r\000n\000i\000n\000g}{section.2}% 10
\BOOKMARK [2][-]{subsection.2.6}{\376\377\000G\000r\000e\000e\000d\000y\000\040\000a\000n\000d\000\040\000n\000o\000n\000-\000d\000e\000t\000e\000r\000m\000i\000n\000i\000s\000t\000i\000c\000\040\000f\000o\000l\000d\000i\000n\000g}{section.2}% 11
\BOOKMARK [2][-]{subsection.2.7}{\376\377\000A\000s\000s\000u\000m\000p\000t\000i\000o\000n\000\040\000i\000n\000t\000r\000o\000d\000u\000c\000t\000i\000o\000n\000:\000\040\000r\000e\000l\000t\000o\000\040\000a\000n\000d\000\040\000s\000e\000c\000h\000k}{section.2}% 12
\BOOKMARK [1][-]{section.3}{\376\377\000C\000a\000u\000s\000a\000l\000\040\000f\000i\000x\000t\000u\000r\000e\000s\000\040\000a\000n\000d\000\040\000e\000v\000a\000l\000u\000a\000t\000o\000r\000\040\000g\000r\000o\000u\000n\000d\000\040\000t\000r\000u\000t\000h}{}% 13
\BOOKMARK [2][-]{subsection.3.1}{\376\377\000P\000r\000i\000n\000c\000i\000p\000a\000l\000\040\000f\000i\000x\000t\000u\000r\000e\000:\000\040\000b\000i\000n\000a\000r\000y\000\040\000A\000N\000D\000\040\000c\000o\000l\000l\000i\000d\000e\000r\000\040\000\050\000H\0000\000\051}{section.3}% 14
\BOOKMARK [2][-]{subsection.3.2}{\376\377\000E\000v\000a\000l\000u\000a\000t\000o\000r\000-\000o\000n\000l\000y\000\040\000m\000e\000c\000h\000a\000n\000i\000s\000m\000\040\000r\000e\000f\000e\000r\000e\000n\000c\000e}{section.3}% 15
\BOOKMARK [2][-]{subsection.3.3}{\376\377\000F\000r\000o\000z\000e\000n\000\040\000s\000a\000m\000p\000l\000e\000\040\000f\000o\000r\000\040\000t\000h\000e\000\040\000p\000r\000i\000n\000c\000i\000p\000a\000l\000\040\000f\000i\000x\000t\000u\000r\000e}{section.3}% 16
\BOOKMARK [2][-]{subsection.3.4}{\376\377\000C\000o\000n\000t\000r\000o\000l\000l\000e\000d\000\040\000e\000x\000t\000e\000n\000s\000i\000o\000n\000s\000:\000\040\000t\000r\000a\000i\000l\000i\000n\000g\000\040\000a\000n\000d\000\040\000l\000e\000a\000d\000i\000n\000g\000\040\000d\000i\000s\000t\000r\000a\000c\000t\000o\000r\000s\000\040\000\050\000H\0002\000,\000\040\000H\0003\000\051}{section.3}% 17
\BOOKMARK [1][-]{section.4}{\376\377\000E\000x\000p\000e\000r\000i\000m\000e\000n\000t\000a\000l\000\040\000d\000e\000s\000i\000g\000n\000\040\000a\000n\000d\000\040\000c\000o\000m\000p\000a\000r\000i\000s\000o\000n\000\040\000l\000o\000g\000i\000c}{}% 18
\BOOKMARK [2][-]{subsection.4.1}{\376\377\000L\000e\000a\000r\000n\000e\000r\000\040\000c\000o\000n\000f\000i\000g\000u\000r\000a\000t\000i\000o\000n\000s}{section.4}% 19
\BOOKMARK [2][-]{subsection.4.2}{\376\377\000S\000t\000r\000e\000n\000g\000t\000h\000\040\000o\000f\000\040\000c\000o\000m\000p\000a\000r\000i\000s\000o\000n\000s}{section.4}% 20
\BOOKMARK [2][-]{subsection.4.3}{\376\377\000P\000r\000o\000b\000e\000\040\000s\000e\000q\000u\000e\000n\000c\000e}{section.4}% 21
\BOOKMARK [1][-]{section.5}{\376\377\000E\000x\000p\000e\000r\000i\000m\000e\000n\000t\000a\000l\000\040\000s\000e\000q\000u\000e\000n\000c\000e\000:\000\040\000H\0000\040\023\000H\0007\000b}{}% 22
\BOOKMARK [2][-]{subsection.5.1}{\376\377\000H\0000\000:\000\040\000b\000a\000s\000e\000l\000i\000n\000e\000\040\000o\000n\000\040\000t\000h\000e\000\040\000p\000r\000i\000n\000c\000i\000p\000a\000l\000\040\000A\000N\000D\000\040\000c\000o\000l\000l\000i\000d\000e\000r}{section.5}% 23
\BOOKMARK [2][-]{subsection.5.2}{\376\377\000H\0001\000:\000\040\000n\000e\000s\000t\000e\000d\000\040\000p\000r\000e\000f\000i\000x\000\040\000o\000m\000i\000t\000t\000i\000n\000g\000\040\000t\000h\000e\000\040\000r\000a\000r\000e\000\040\000\050\0000\000,\0000\000,\0000\000\051\000\040\000a\000t\000o\000m}{section.5}% 24
\BOOKMARK [2][-]{subsection.5.3}{\376\377\000H\0002\000:\000\040\000t\000r\000a\000i\000l\000i\000n\000g\000\040\000i\000s\000o\000l\000a\000t\000e\000d\000\040\000c\000o\000v\000a\000r\000i\000a\000t\000e\000\040\000u\000n\000d\000e\000r\000\040\000G\000r\000e\000e\000d\000y}{section.5}% 25
\BOOKMARK [2][-]{subsection.5.4}{\376\377\000H\0003\000:\000\040\000p\000u\000t\000\040\000a\000n\000\040\000i\000r\000r\000e\000l\000e\000v\000a\000n\000t\000\040\000c\000o\000v\000a\000r\000i\000a\000t\000e\000\040\000f\000i\000r\000s\000t\000\040\000i\000n\000\040\000B\000K}{section.5}% 26
\BOOKMARK [2][-]{subsection.5.5}{\376\377\000H\0004\000:\000\040\000c\000h\000a\000n\000g\000e\000\040\000b\000r\000a\000v\000e\000\040\000n\000d\000\040\000t\000o\000\040\000c\000a\000u\000t\000i\000o\000u\000s\000\040\000n\000d}{section.5}% 27
\BOOKMARK [2][-]{subsection.5.6}{\376\377\000H\0005\000:\000\040\000d\000u\000p\000l\000i\000c\000a\000t\000e\000\040\000a\000l\000l\000\040\000G\000r\000e\000e\000d\000y\000\040\000r\000u\000n\000s\000\040\000u\000n\000d\000e\000r\000\040\000c\000a\000u\000t\000i\000o\000u\000s\000\040\000l\000e\000a\000r\000n\000i\000n\000g}{section.5}% 28
\BOOKMARK [2][-]{subsection.5.7}{\376\377\000H\0006\000:\000\040\000e\000x\000p\000l\000a\000i\000n\000\040\000c\000a\000u\000t\000i\000o\000u\000s\000-\000n\000d\000\040\000s\000e\000a\000r\000c\000h\000\040\000c\000o\000s\000t}{section.5}% 29
\BOOKMARK [2][-]{subsection.5.8}{\376\377\000H\0007\000:\000\040\000c\000h\000a\000n\000g\000e\000\040\000a\000s\000s\000u\000m\000p\000t\000i\000o\000n\000\040\000i\000n\000t\000r\000o\000d\000u\000c\000t\000i\000o\000n\000\040\000f\000r\000o\000m\000\040\000r\000e\000l\000t\000o\000\040\000t\000o\000\040\000s\000e\000c\000h\000k}{section.5}% 30
\BOOKMARK [1][-]{section.6}{\376\377\000F\000i\000n\000d\000i\000n\000g\000s}{}% 31
\BOOKMARK [2][-]{subsection.6.1}{\376\377\000F\000i\000n\000d\000i\000n\000g\000\040\0001\000:\000\040\000G\000r\000e\000e\000d\000y\000\040\000s\000o\000l\000u\000t\000i\000o\000n\000s\000\040\000r\000e\000t\000a\000i\000n\000\040\000a\000l\000l\000\040\000r\000e\000p\000r\000e\000s\000e\000n\000t\000e\000d\000\040\000B\000K\000\040\000p\000r\000e\000d\000i\000c\000t\000o\000r\000s}{section.6}% 32
\BOOKMARK [2][-]{subsection.6.2}{\376\377\000F\000i\000n\000d\000i\000n\000g\000\040\0002\000:\000\040\000n\000d\000\040\000s\000o\000l\000u\000t\000i\000o\000n\000s\000\040\000a\000r\000e\000\040\000o\000r\000g\000a\000n\000i\000s\000e\000d\000\040\000a\000r\000o\000u\000n\000d\000\040\000t\000h\000e\000\040\000f\000i\000r\000s\000t\000\040\000B\000K\000\040\000p\000r\000e\000d\000i\000c\000t\000o\000r}{section.6}% 33
\BOOKMARK [2][-]{subsection.6.3}{\376\377\000F\000i\000n\000d\000i\000n\000g\000\040\0003\000:\000\040\000b\000r\000a\000v\000e\000\040\000n\000d\000\040\000c\000a\000n\000\040\000s\000o\000l\000v\000e\000\040\000p\000r\000e\000d\000i\000c\000t\000o\000r\000-\000a\000m\000b\000i\000g\000u\000o\000u\000s\000\040\000r\000o\000o\000t\000\040\000t\000a\000r\000g\000e\000t\000s}{section.6}% 34
\BOOKMARK [2][-]{subsection.6.4}{\376\377\000F\000i\000n\000d\000i\000n\000g\000\040\0004\000:\000\040\000c\000a\000u\000t\000i\000o\000u\000s\000-\000n\000d\000\040\000f\000a\000i\000l\000e\000d\000-\000s\000e\000a\000r\000c\000h\000\040\000c\000o\000s\000t\000\040\000g\000r\000o\000w\000s\000\040\000w\000i\000t\000h\000\040\000t\000h\000e\000\040\000f\000o\000l\000d\000i\000n\000g\000-\000t\000o\000k\000e\000n\000\040\000c\000e\000i\000l\000i\000n\000g}{section.6}% 35
\BOOKMARK [2][-]{subsection.6.5}{\376\377\000F\000i\000n\000d\000i\000n\000g\000\040\0005\000:\000\040\000c\000a\000u\000t\000i\000o\000u\000s\000-\000n\000d\000\040\000t\000r\000a\000c\000e\000\040\000s\000i\000z\000e\000\040\000g\000r\000o\000w\000s\000\040\000w\000i\000t\000h\000\040\000g\000r\000o\000u\000n\000d\000e\000d\000\040\000s\000a\000m\000p\000l\000e\000\040\000s\000i\000z\000e}{section.6}% 36
\BOOKMARK [2][-]{subsection.6.6}{\376\377\000F\000i\000n\000d\000i\000n\000g\000\040\0006\000:\000\040\000r\000e\000l\000t\000o\000\040\000a\000n\000d\000\040\000s\000e\000c\000h\000k\000\040\000p\000r\000o\000d\000u\000c\000e\000\040\000d\000i\000f\000f\000e\000r\000e\000n\000t\000\040\000a\000s\000s\000u\000m\000p\000t\000i\000o\000n\000-\000i\000n\000t\000r\000o\000d\000u\000c\000t\000i\000o\000n\000\040\000p\000a\000t\000h\000s}{section.6}% 37
\BOOKMARK [1][-]{section.7}{\376\377\000I\000m\000p\000l\000i\000c\000a\000t\000i\000o\000n\000s}{}% 38
