\BOOKMARK [1][-]{section.1}{\376\377\000S\000t\000a\000t\000u\000s}{}% 1
\BOOKMARK [1][-]{section.2}{\376\377\000M\000o\000t\000i\000v\000a\000t\000i\000o\000n\000\040\000\050\000v\000e\000r\000i\000f\000i\000e\000d\000\040\000f\000a\000c\000t\000s\000\040\000f\000r\000o\000m\000\040\000t\000h\000e\000\040\000A\000A\000M\000A\000S\000\040\000a\000r\000m\000\040\000o\000f\000\040\000c\000l\000o\000s\000e\000d\000\040\000H\0000\000\051}{}% 2
\BOOKMARK [2][-]{subsection.2.1}{\376\377\000M\000o\000t\000i\000v\000a\000t\000i\000o\000n\000\040\000a\000d\000d\000e\000n\000d\000u\000m\000\040\000\050\000E\000C\000A\000I\000\040\000a\000r\000m\000\040\000o\000f\000\040\000c\000l\000o\000s\000e\000d\000\040\000H\0000\000\040\040\024\000\040\000f\000o\000r\000\040\000H\0003\000\051}{section.2}% 3
\BOOKMARK [1][-]{section.3}{\376\377\000O\000r\000d\000e\000r\000i\000n\000g}{}% 4
\BOOKMARK [2][-]{subsection.3.1}{\376\377\000R\000e\000l\000a\000t\000i\000o\000n\000\040\000a\000m\000o\000n\000g\000\040\000p\000r\000o\000b\000e\000\040\000f\000a\000m\000i\000l\000i\000e\000s\000\040\000\050\000k\000e\000e\000p\000\040\000d\000i\000s\000t\000i\000n\000c\000t\000\051}{section.3}% 5
\BOOKMARK [1][-]{section.4}{\376\377\000P\000r\000o\000b\000e\000\040\000f\000a\000m\000i\000l\000y\000\040\000H\0001\000\040\040\024\000\040\000s\000u\000p\000p\000o\000r\000t\000\040\000s\000e\000n\000s\000i\000t\000i\000v\000i\000t\000y\000\040\000o\000n\000\040\000A\000A\000M\000A\000S\000\040\000r\000o\000o\000t\000\040\000t\000a\000r\000g\000e\000t\000s}{}% 6
\BOOKMARK [2][-]{subsection.4.1}{\376\377\000H\0001\000a\000\040\040\024\000\040\000s\000p\000u\000r\000i\000o\000u\000s\000\040\000r\000o\000o\000t\000\040\000r\000u\000l\000e\000\040\000u\000n\000d\000e\000r\000\040\000m\000i\000s\000s\000i\000n\000g\000\040\000n\000e\000g\000a\000t\000i\000v\000e\000\040\000w\000i\000t\000n\000e\000s\000s}{section.4}% 7
\BOOKMARK [2][-]{subsection.4.2}{\376\377\000H\0001\000b\000\040\040\024\000\040\000n\000e\000g\000a\000t\000i\000v\000e\000\040\000w\000i\000t\000n\000e\000s\000s\000\040\000i\000n\000\040\000t\000h\000e\000\040\000u\000n\000s\000a\000f\000e\000\040\000c\000e\000l\000l}{section.4}% 8
\BOOKMARK [2][-]{subsection.4.3}{\376\377\000E\000x\000p\000l\000i\000c\000i\000t\000\040\000n\000o\000n\000-\000c\000l\000a\000i\000m\000s\000\040\000f\000o\000r\000\040\000H\0001}{section.4}% 9
\BOOKMARK [2][-]{subsection.4.4}{\376\377\000O\000u\000t\000c\000o\000m\000e\000\040\000\050\000H\0001\000\051}{section.4}% 10
\BOOKMARK [1][-]{section.5}{\376\377\000P\000r\000o\000b\000e\000\040\000f\000a\000m\000i\000l\000y\000\040\000H\0002\000\040\040\024\000\040\000i\000r\000r\000e\000l\000e\000v\000a\000n\000t\000\040\000i\000s\000o\000l\000a\000t\000e\000d\000\040\000c\000o\000v\000a\000r\000i\000a\000t\000e\000\040\000o\000n\000\040\000A\000A\000M\000A\000S\000\040\000t\000a\000r\000g\000e\000t\000\040\000c}{}% 11
\BOOKMARK [2][-]{subsection.5.1}{\376\377\000H\0002\000a\000\040\040\024\000\040\000i\000r\000r\000e\000l\000e\000v\000a\000n\000t\000\040\000c\000o\000v\000a\000r\000i\000a\000t\000e\000\040\000e\000n\000t\000e\000r\000s\000\040\000g\000r\000e\000e\000d\000y\000\040\000b\000o\000d\000i\000e\000s}{section.5}% 12
\BOOKMARK [2][-]{subsection.5.2}{\376\377\000H\0002\000b\000\040\040\024\000\040\000l\000e\000a\000r\000n\000a\000b\000i\000l\000i\000t\000y\000\040\000v\000s\000\040\000m\000i\000n\000i\000m\000a\000l\000i\000t\000y}{section.5}% 13
\BOOKMARK [2][-]{subsection.5.3}{\376\377\000H\0002\000c\000\040\040\024\000\040\000s\000a\000m\000p\000l\000e\000-\000e\000d\000g\000e\000\040\000\050\000a\000l\000s\000o\000\040\000r\000u\000n\000;\000\040\000n\000o\000t\000\040\000t\000h\000e\000\040\000c\000e\000n\000t\000r\000e\000\051}{section.5}% 14
\BOOKMARK [2][-]{subsection.5.4}{\376\377\000O\000u\000t\000c\000o\000m\000e\000\040\000\050\000H\0002\000\051}{section.5}% 15
\BOOKMARK [1][-]{section.6}{\376\377\000P\000r\000o\000b\000e\000\040\000f\000a\000m\000i\000l\000y\000\040\000H\0003\000\040\040\024\000\040\000E\000C\000A\000I\000\040\000f\000i\000r\000s\000t\000-\000f\000o\000l\000d\000\040\000d\000i\000s\000t\000r\000a\000c\000t\000i\000o\000n\000\040\000b\000y\000\040\000B\000K\000-\000l\000e\000a\000d\000i\000n\000g\000\040\000i\000n\000d\000e\000p\000e\000n\000d\000e\000n\000t\000\040\000v\000a\000r\000i\000a\000b\000l\000e}{}% 16
\BOOKMARK [2][-]{subsection.6.1}{\376\377\000F\000i\000x\000t\000u\000r\000e\000\040\000\050\000a\000s\000\040\000r\000u\000n\000\051}{section.6}% 17
\BOOKMARK [2][-]{subsection.6.2}{\376\377\000S\000c\000i\000e\000n\000t\000i\000f\000i\000c\000\040\000q\000u\000e\000s\000t\000i\000o\000n\000\040\000\050\000a\000n\000s\000w\000e\000r\000e\000d\000\051}{section.6}% 18
\BOOKMARK [2][-]{subsection.6.3}{\376\377\000S\000e\000c\000o\000n\000d\000a\000r\000y\000\040\000f\000i\000n\000d\000i\000n\000g\000\040\000\050\000i\000n\000\040\000s\000c\000o\000p\000e\000;\000\040\000n\000o\000t\000\040\000t\000h\000e\000\040\000l\000e\000a\000d\000\051}{section.6}% 19
\BOOKMARK [2][-]{subsection.6.4}{\376\377\000E\000x\000p\000l\000i\000c\000i\000t\000\040\000n\000o\000n\000-\000c\000l\000a\000i\000m\000s\000\040\000f\000o\000r\000\040\000H\0003}{section.6}% 20
\BOOKMARK [2][-]{subsection.6.5}{\376\377\000O\000u\000t\000c\000o\000m\000e\000\040\000\050\000H\0003\000\051}{section.6}% 21
\BOOKMARK [1][-]{section.7}{\376\377\000P\000r\000o\000b\000e\000\040\000f\000a\000m\000i\000l\000y\000\040\000H\0004\000\040\040\024\000\040\000r\000e\000p\000o\000s\000i\000t\000o\000r\000y\000-\000b\000a\000s\000e\000l\000i\000n\000e\000\040\000c\000a\000u\000t\000i\000o\000u\000s\000\040\000v\000s\000\040\000p\000u\000b\000l\000i\000s\000h\000e\000d\000\040\000E\000C\000A\000I\000\040\000b\000r\000a\000v\000e}{}% 22
\BOOKMARK [2][-]{subsection.7.1}{\376\377\000F\000i\000x\000t\000u\000r\000e\000\040\000/\000\040\000a\000r\000m\000s\000\040\000\050\000a\000s\000\040\000r\000u\000n\000\051}{section.7}% 23
\BOOKMARK [2][-]{subsection.7.2}{\376\377\000S\000c\000i\000e\000n\000t\000i\000f\000i\000c\000\040\000q\000u\000e\000s\000t\000i\000o\000n\000\040\000\050\000a\000n\000s\000w\000e\000r\000e\000d\000\051}{section.7}% 24
\BOOKMARK [2][-]{subsection.7.3}{\376\377\000E\000x\000p\000l\000i\000c\000i\000t\000\040\000n\000o\000n\000-\000c\000l\000a\000i\000m\000s\000\040\000f\000o\000r\000\040\000H\0004}{section.7}% 25
\BOOKMARK [2][-]{subsection.7.4}{\376\377\000O\000u\000t\000c\000o\000m\000e\000\040\000\050\000H\0004\000\051}{section.7}% 26
\BOOKMARK [2][-]{subsection.7.5}{\376\377\000P\000r\000o\000m\000p\000t\000e\000d\000\040\000f\000o\000l\000l\000o\000w\000-\000u\000p\000s\000\040\000\050\000s\000i\000g\000n\000p\000o\000s\000t\000\040\000o\000n\000l\000y\000;\000\040\000n\000o\000t\000\040\000H\0004\000\040\000e\000v\000i\000d\000e\000n\000c\000e\000\051}{section.7}% 27
\BOOKMARK [1][-]{section.8}{\376\377\000P\000r\000o\000b\000e\000\040\000f\000a\000m\000i\000l\000y\000\040\000H\0004\000b\000\040\040\024\000\040\000c\000a\000u\000t\000i\000o\000u\000s\000\040\0003\000\040\000c\000l\000o\000s\000e\000\040\000u\000n\000d\000e\000r\000\040\000H\0003\000\040\000l\000e\000a\000d\000i\000n\000g\000-\000a\000\040\000g\000a\000t\000e\000s}{}% 28
\BOOKMARK [2][-]{subsection.8.1}{\376\377\000O\000u\000t\000c\000o\000m\000e\000\040\000\050\000H\0004\000b\000\051}{section.8}% 29
\BOOKMARK [1][-]{section.9}{\376\377\000P\000r\000o\000b\000e\000\040\000f\000a\000m\000i\000l\000y\000\040\000H\0005\000\040\040\024\000\040\000e\000x\000p\000e\000r\000i\000m\000e\000n\000t\000a\000l\000\040\000G\000r\000e\000e\000d\000y\000\040\000+\000\040\000c\000a\000u\000t\000i\000o\000u\000s\000\040\000\050\000g\000r\000e\000e\000d\000y\000\137\000c\000a\000u\000t\000i\000o\000u\000s\000\051}{}% 30
\BOOKMARK [2][-]{subsection.9.1}{\376\377\000O\000u\000t\000c\000o\000m\000e\000\040\000\050\000H\0005\000\051}{section.9}% 31
\BOOKMARK [1][-]{section.10}{\376\377\000P\000r\000o\000b\000e\000\040\000f\000a\000m\000i\000l\000y\000\040\000H\0006\000\040\040\024\000\040\000f\000o\000l\000d\000i\000n\000g\000-\000s\000t\000e\000p\000s\000\040\000a\000n\000d\000\040\000n\000e\000s\000t\000e\000d\000-\000n\000\040\000s\000e\000a\000r\000c\000h\000-\000c\000o\000s\000t\000\040\000a\000b\000l\000a\000t\000i\000o\000n}{}% 32
\BOOKMARK [2][-]{subsection.10.1}{\376\377\000O\000u\000t\000c\000o\000m\000e\000\040\000\050\000H\0006\000\051}{section.10}% 33
\BOOKMARK [1][-]{section.11}{\376\377\000P\000r\000o\000b\000e\000\040\000f\000a\000m\000i\000l\000y\000\040\000H\0007\000a\000\040\040\024\000\040\000b\000r\000a\000v\000e\000\040\000n\000d\000\040\000r\000e\000l\000t\000o\000\040\000v\000s\000\040\000s\000e\000c\000h\000k}{}% 34
\BOOKMARK [2][-]{subsection.11.1}{\376\377\000O\000u\000t\000c\000o\000m\000e\000\040\000\050\000H\0007\000a\000\051}{section.11}% 35
\BOOKMARK [1][-]{section.12}{\376\377\000P\000r\000o\000b\000e\000\040\000f\000a\000m\000i\000l\000y\000\040\000H\0007\000b\000\040\040\024\000\040\000c\000a\000u\000t\000i\000o\000u\000s\000\040\000n\000d\000\040\000r\000e\000l\000t\000o\000\040\000v\000s\000\040\000s\000e\000c\000h\000k}{}% 36
\BOOKMARK [2][-]{subsection.12.1}{\376\377\000O\000u\000t\000c\000o\000m\000e\000\040\000\050\000H\0007\000b\000\051}{section.12}% 37
\BOOKMARK [1][-]{section.13}{\376\377\000B\000o\000u\000n\000d\000a\000r\000y\000\040\000d\000i\000s\000t\000i\000n\000c\000t\000i\000o\000n\000s\000\040\000t\000o\000\040\000p\000r\000e\000s\000e\000r\000v\000e}{}% 38
\BOOKMARK [1][-]{section.14}{\376\377\000C\000r\000o\000s\000s\000-\000l\000i\000n\000k\000s}{}% 39
\BOOKMARK [1][-]{section.15}{\376\377\000D\000e\000c\000i\000s\000i\000o\000n\000s\000\040\000r\000e\000c\000o\000r\000d\000e\000d}{}% 40
\BOOKMARK [1][-]{section.16}{\376\377\000C\000u\000r\000r\000e\000n\000t\000\040\000s\000t\000a\000t\000u\000s\000\040\000a\000n\000d\000\040\000r\000e\000m\000a\000i\000n\000i\000n\000g\000\040\000w\000o\000r\000k}{}% 41
